// Jest Snapshot v1, https://goo.gl/fbAQLP

exports[`SCheckbox has the expected html structure 1`] = `
<label
  class="s-checkbox --is-checked --is-negative"
>
  <input
    class="input"
    type="checkbox"
  />
   
  <span
    class="check"
  >
    <i
      class="icon sdz-check"
    />
  </span>
   
  <span
    class="text"
  >
    Checkbox Name
  </span>
</label>
`;
