// Jest Snapshot v1, https://goo.gl/fbAQLP

exports[`SCollapsible has the expected html structure 1`] = `
<div
  class="s-collapsible"
>
  <div
    class="header"
  >
    Header do collapsible
  </div>
   
  <div
    class="wrapper"
    style="opacity: 1; height: 0px;"
  >
    Texto do collapsible
  </div>
</div>
`;
