// Jest Snapshot v1, https://goo.gl/fbAQLP

exports[`SStepper has the expected html structure 1`] = `
<label
  class="s-switch --is-checked --is-negative"
>
  <input
    class="input"
    type="checkbox"
  />
   
  <span
    class="switch"
  />
   
  <span
    class="text"
  >
    Default Switch
  </span>
</label>
`;
