// Jest Snapshot v1, https://goo.gl/fbAQLP

exports[`STabber has the expected html structure 1`] = `
<div
  class="s-tabber"
>
  <div
    class="wrapper"
    style="transform: translateX(0px);"
  >
    <div
      class="tab -has-icon"
    >
      <span
        class="content"
      >
        <i
          class="icon s-icon icon sdz-share"
          style="font-size: 20px;"
        />
         
        <span
          class="text"
        >
          Chaves
        </span>
      </span>
    </div>
    <div
      class="tab -active -has-icon"
    >
      <span
        class="content"
      >
        <i
          class="icon s-icon icon sdz-divide"
          style="font-size: 20px;"
        />
         
        <span
          class="text"
        >
          Seu Madruga
        </span>
      </span>
    </div>
    <div
      class="tab -disabled -has-icon"
    >
      <span
        class="content"
      >
        <i
          class="icon s-icon icon sdz-key"
          style="font-size: 20px;"
        />
         
        <span
          class="text"
        >
          Nhonho
        </span>
      </span>
    </div>
    <div
      class="tab -has-icon"
    >
      <span
        class="content"
      >
        <i
          class="icon s-icon icon sdz-key"
          style="font-size: 20px;"
        />
         
        <span
          class="text"
        >
          Quico
        </span>
      </span>
    </div>
     
    <div
      class="border"
      style="left: 0px; width: 0px;"
    />
  </div>
</div>
`;
