// Jest Snapshot v1, https://goo.gl/fbAQLP

exports[`SRadiobox has the expected html structure 1`] = `
<label
  class="s-radiobox --is-checked"
>
  <input
    class="input"
    name="casa"
    type="radio"
  />
   
  <span
    class="radio"
  />
   
  <span
    class="text"
  >
    Radiobox Name
  </span>
</label>
`;
